// Jest Snapshot v1, https://goo.gl/fbAQLP

exports[`Users component 1`] = `
<div>
  <div
    class="d-flex justify-content-between flex-wrap flex-md-nowrap align-items-center pt-3 pb-2 mb-3 border-bottom"
  >
    <h1
      class="h2"
    >
      Users
    </h1>
  </div>
  <div>
    <a
      class="btn btn-dark text-light mb-2"
      onClick={[Function]}
    >
      New user
    </a>
    <table
      class="table mt-3"
    >
      <thead>
        <tr>
          <th
            scope="col"
          >
            Email
          </th>
          <th
            scope="col"
          >
            Can upload checkpoints
          </th>
          <th
            scope="col"
          >
            Can create checkpoints
          </th>
          <th
            scope="col"
          >
            Can manage other users
          </th>
          <th
            scope="col"
          >
            Can access reports
          </th>
          <th
            scope="col"
          />
        </tr>
      </thead>
      <tbody />
    </table>
  </div>
</div>
`;
